main.c:100:5:main	1
main.c:165:6:SystemClock_Config	4
main.c:220:6:PeriphCommonClock_Config	2
main.c:248:13:SystemPower_Config	2
main.c:272:13:MX_CRC_Init	2
main.c:303:13:MX_DCACHE1_Init	2
main.c:331:13:MX_DCACHE2_Init	2
main.c:359:13:MX_DMA2D_Init	2
main.c:390:13:MX_DSIHOST_DSI_Init	9
main.c:511:13:MX_GPU2D_Init	2
main.c:537:13:MX_HSPI1_Init	3
main.c:601:13:MX_ICACHE_Init	3
main.c:633:13:MX_LTDC_Init	23
main.c:860:13:MX_OCTOSPI1_Init	3
main.c:938:13:MX_TIM8_Init	7
main.c:1020:13:MX_GPIO_Init	1
main.c:1110:6:HAL_TIM_PeriodElapsedCallback	2
main.c:1127:6:Error_Handler	1
