D:/GIT/STM32U599J-DK/Sandbox/VL53L5CX/Core/Src/main.c:116:5:main	8	static
D:/GIT/STM32U599J-DK/Sandbox/VL53L5CX/Core/Src/main.c:198:6:SystemClock_Config	128	static
D:/GIT/STM32U599J-DK/Sandbox/VL53L5CX/Core/Src/main.c:253:6:PeriphCommonClock_Config	232	static
D:/GIT/STM32U599J-DK/Sandbox/VL53L5CX/Core/Src/main.c:281:13:SystemPower_Config	8	static
D:/GIT/STM32U599J-DK/Sandbox/VL53L5CX/Core/Src/main.c:305:13:MX_CRC_Init	8	static
D:/GIT/STM32U599J-DK/Sandbox/VL53L5CX/Core/Src/main.c:336:13:MX_DCACHE1_Init	8	static
D:/GIT/STM32U599J-DK/Sandbox/VL53L5CX/Core/Src/main.c:364:13:MX_DCACHE2_Init	8	static
D:/GIT/STM32U599J-DK/Sandbox/VL53L5CX/Core/Src/main.c:392:13:MX_DMA2D_Init	8	static
D:/GIT/STM32U599J-DK/Sandbox/VL53L5CX/Core/Src/main.c:423:13:MX_DSIHOST_DSI_Init	424	static
D:/GIT/STM32U599J-DK/Sandbox/VL53L5CX/Core/Src/main.c:544:13:MX_GPU2D_Init	8	static
D:/GIT/STM32U599J-DK/Sandbox/VL53L5CX/Core/Src/main.c:570:13:MX_HSPI1_Init	16	static
D:/GIT/STM32U599J-DK/Sandbox/VL53L5CX/Core/Src/main.c:634:13:MX_I2C3_Init	8	static
D:/GIT/STM32U599J-DK/Sandbox/VL53L5CX/Core/Src/main.c:682:13:MX_ICACHE_Init	8	static
D:/GIT/STM32U599J-DK/Sandbox/VL53L5CX/Core/Src/main.c:714:13:MX_LTDC_Init	416	static
D:/GIT/STM32U599J-DK/Sandbox/VL53L5CX/Core/Src/main.c:941:13:MX_OCTOSPI1_Init	56	static
D:/GIT/STM32U599J-DK/Sandbox/VL53L5CX/Core/Src/main.c:1019:13:MX_TIM8_Init	120	static
D:/GIT/STM32U599J-DK/Sandbox/VL53L5CX/Core/Src/main.c:1101:13:MX_USART1_UART_Init	8	static
D:/GIT/STM32U599J-DK/Sandbox/VL53L5CX/Core/Src/main.c:1149:13:MX_GPIO_Init	64	static
D:/GIT/STM32U599J-DK/Sandbox/VL53L5CX/Core/Src/main.c:1234:1:__io_putchar	16	static
D:/GIT/STM32U599J-DK/Sandbox/VL53L5CX/Core/Src/main.c:1252:6:HAL_TIM_PeriodElapsedCallback	16	static
D:/GIT/STM32U599J-DK/Sandbox/VL53L5CX/Core/Src/main.c:1269:6:Error_Handler	4	static,ignoring_inline_asm
