D:/GIT/STM32U599J-DK/Sandbox/VL53L5CX/Core/Src/main.c:116:5:main	8	static
D:/GIT/STM32U599J-DK/Sandbox/VL53L5CX/Core/Src/main.c:212:6:SystemClock_Config	128	static
D:/GIT/STM32U599J-DK/Sandbox/VL53L5CX/Core/Src/main.c:267:6:PeriphCommonClock_Config	232	static
D:/GIT/STM32U599J-DK/Sandbox/VL53L5CX/Core/Src/main.c:295:13:SystemPower_Config	8	static
D:/GIT/STM32U599J-DK/Sandbox/VL53L5CX/Core/Src/main.c:319:13:MX_CRC_Init	8	static
D:/GIT/STM32U599J-DK/Sandbox/VL53L5CX/Core/Src/main.c:350:13:MX_DCACHE1_Init	8	static
D:/GIT/STM32U599J-DK/Sandbox/VL53L5CX/Core/Src/main.c:378:13:MX_DCACHE2_Init	8	static
D:/GIT/STM32U599J-DK/Sandbox/VL53L5CX/Core/Src/main.c:406:13:MX_DMA2D_Init	8	static
D:/GIT/STM32U599J-DK/Sandbox/VL53L5CX/Core/Src/main.c:437:13:MX_DSIHOST_DSI_Init	424	static
D:/GIT/STM32U599J-DK/Sandbox/VL53L5CX/Core/Src/main.c:558:13:MX_GPU2D_Init	8	static
D:/GIT/STM32U599J-DK/Sandbox/VL53L5CX/Core/Src/main.c:584:13:MX_HSPI1_Init	16	static
D:/GIT/STM32U599J-DK/Sandbox/VL53L5CX/Core/Src/main.c:648:13:MX_I2C3_Init	8	static
D:/GIT/STM32U599J-DK/Sandbox/VL53L5CX/Core/Src/main.c:696:13:MX_ICACHE_Init	8	static
D:/GIT/STM32U599J-DK/Sandbox/VL53L5CX/Core/Src/main.c:728:13:MX_LTDC_Init	416	static
D:/GIT/STM32U599J-DK/Sandbox/VL53L5CX/Core/Src/main.c:955:13:MX_OCTOSPI1_Init	56	static
D:/GIT/STM32U599J-DK/Sandbox/VL53L5CX/Core/Src/main.c:1033:13:MX_TIM8_Init	120	static
D:/GIT/STM32U599J-DK/Sandbox/VL53L5CX/Core/Src/main.c:1115:13:MX_USART1_UART_Init	8	static
D:/GIT/STM32U599J-DK/Sandbox/VL53L5CX/Core/Src/main.c:1163:13:MX_GPIO_Init	64	static
D:/GIT/STM32U599J-DK/Sandbox/VL53L5CX/Core/Src/main.c:1255:1:__io_putchar	16	static
D:/GIT/STM32U599J-DK/Sandbox/VL53L5CX/Core/Src/main.c:1264:6:get_data_by_interrupt	24	static,ignoring_inline_asm
D:/GIT/STM32U599J-DK/Sandbox/VL53L5CX/Core/Src/main.c:1295:6:get_data_by_polling	24	static
D:/GIT/STM32U599J-DK/Sandbox/VL53L5CX/Core/Src/main.c:1341:6:HAL_TIM_PeriodElapsedCallback	16	static
D:/GIT/STM32U599J-DK/Sandbox/VL53L5CX/Core/Src/main.c:1358:6:Error_Handler	4	static,ignoring_inline_asm
